---
source: tests/render_snapshots.rs
expression: "render_structured(&unicode, 40)"
---
{
  plain: "Grüße aus München"
  cjk: "日本語のテキスト"
  emoji: "🚀 ✅ 🇩🇪"
  escaped: "line one\nline two\ttabbed"
  quotes: "she said \"hello\" and left"
  backslash: "C:\\Users\\reader\\notes.m
    d"
  solidus: "a/b"
  bmp-escape: "äöü"
  surrogate-pair: "😀"
  control: "bell:\u0007 escape:\u001b"
  键: "unicode key"
